---
source: tests/snapshots.rs
expression: picker.screen()
---
  1 ◉ blocked  webapp          Remove PR comments           
> 2 ● working  dotfiles        Tmux Claude Code session p…  
  3 ○ idle     scintilla.nvim  ~/scintilla.nvim             
                                                            
                                                            
                                                            
                                                            
                                     press ? for keybindings
